[2026-04-16 21:07:16] [INFO] =============================================
[2026-04-16 21:07:16] [INFO] Hyper-V CPU/RAM Monitor starting on DESKTOP-LPV9HSD
[2026-04-16 21:07:16] [INFO] CPU Threshold: 75% of peak | RAM Threshold: 80% of peak
[2026-04-16 21:07:16] [INFO] Baseline: 10m | Interval: 30s | Cooldown: 5m
[2026-04-16 21:07:16] [INFO] =============================================
[2026-04-16 21:07:16] [INFO] BASELINE: learning CPU & RAM peaks for 10 minutes...
[2026-04-16 21:07:20] [INFO] Using CPU counter: \Hyper-V Hypervisor Virtual Processor(*)\% Guest Run Time
[2026-04-16 21:07:20] [WARN] RAM counters missing. RAM monitoring disabled.
[2026-04-16 21:07:24] [INFO] BASELINE | WIndows-11 | CPU: 0.3% | RAM: 0% | Peak CPU: 0.3% | Peak RAM: %
[2026-04-16 21:07:24] [INFO] BASELINE | Ubantu-vm | CPU: 0.1% | RAM: 0% | Peak CPU: 0.1% | Peak RAM: %
[2026-04-16 21:07:54] [WARN] No working CPU counter found. CPU monitoring disabled.
[2026-04-16 21:07:55] [WARN] RAM counters missing. RAM monitoring disabled.
[2026-04-16 21:07:55] [ERROR] No performance counters available. Exiting.
[2026-04-16 21:16:40] [INFO] =============================================
[2026-04-16 21:16:40] [INFO] Hyper-V CPU/RAM Monitor starting on DESKTOP-LPV9HSD
[2026-04-16 21:16:40] [INFO] CPU Threshold: 75% of peak | RAM Threshold: 80% of peak
[2026-04-16 21:16:40] [INFO] Baseline: 10m | Interval: 30s | Cooldown: 5m
[2026-04-16 21:16:40] [INFO] =============================================
[2026-04-16 21:16:40] [INFO] BASELINE: learning CPU & RAM peaks for 10 minutes...
[2026-04-16 21:16:43] [INFO] Using CPU counter: \Hyper-V Hypervisor Virtual Processor(*)\% Total Run Time
[2026-04-16 21:16:43] [WARN] RAM counters incomplete. RAM monitoring disabled.
[2026-04-16 21:17:18] [INFO] Using CPU counter: \Hyper-V Hypervisor Virtual Processor(*)\% Total Run Time
[2026-04-16 21:17:18] [WARN] RAM counters incomplete. RAM monitoring disabled.
[2026-04-16 21:17:53] [INFO] Using CPU counter: \Hyper-V Hypervisor Virtual Processor(*)\% Total Run Time
[2026-04-16 21:17:53] [WARN] RAM counters incomplete. RAM monitoring disabled.
[2026-04-16 21:18:27] [INFO] Using CPU counter: \Hyper-V Hypervisor Virtual Processor(*)\% Total Run Time
[2026-04-16 21:18:27] [WARN] RAM counters incomplete. RAM monitoring disabled.
[2026-04-16 21:19:02] [INFO] Using CPU counter: \Hyper-V Hypervisor Virtual Processor(*)\% Total Run Time
[2026-04-16 21:19:02] [WARN] RAM counters incomplete. RAM monitoring disabled.
[2026-04-16 21:19:36] [INFO] Using CPU counter: \Hyper-V Hypervisor Virtual Processor(*)\% Total Run Time
[2026-04-16 21:19:36] [WARN] RAM counters incomplete. RAM monitoring disabled.
[2026-04-16 21:20:11] [INFO] Using CPU counter: \Hyper-V Hypervisor Virtual Processor(*)\% Total Run Time
[2026-04-16 21:20:11] [WARN] RAM counters incomplete. RAM monitoring disabled.
[2026-04-16 21:20:46] [INFO] Using CPU counter: \Hyper-V Hypervisor Virtual Processor(*)\% Total Run Time
[2026-04-16 21:20:46] [WARN] RAM counters incomplete. RAM monitoring disabled.
[2026-04-16 21:21:20] [INFO] Using CPU counter: \Hyper-V Hypervisor Virtual Processor(*)\% Total Run Time
[2026-04-16 21:21:20] [WARN] RAM counters incomplete. RAM monitoring disabled.
[2026-04-16 21:21:55] [INFO] Using CPU counter: \Hyper-V Hypervisor Virtual Processor(*)\% Total Run Time
[2026-04-16 21:21:55] [WARN] RAM counters incomplete. RAM monitoring disabled.
[2026-04-16 21:22:29] [INFO] Using CPU counter: \Hyper-V Hypervisor Virtual Processor(*)\% Total Run Time
[2026-04-16 21:22:29] [WARN] RAM counters incomplete. RAM monitoring disabled.
[2026-04-16 21:23:04] [INFO] Using CPU counter: \Hyper-V Hypervisor Virtual Processor(*)\% Total Run Time
[2026-04-16 21:23:04] [WARN] RAM counters incomplete. RAM monitoring disabled.
[2026-04-16 21:23:38] [INFO] Using CPU counter: \Hyper-V Hypervisor Virtual Processor(*)\% Total Run Time
[2026-04-16 21:23:38] [WARN] RAM counters incomplete. RAM monitoring disabled.
[2026-04-16 21:24:13] [INFO] Using CPU counter: \Hyper-V Hypervisor Virtual Processor(*)\% Total Run Time
[2026-04-16 21:24:13] [WARN] RAM counters incomplete. RAM monitoring disabled.
[2026-04-16 21:24:47] [INFO] Using CPU counter: \Hyper-V Hypervisor Virtual Processor(*)\% Total Run Time
[2026-04-16 21:24:47] [WARN] RAM counters incomplete. RAM monitoring disabled.
[2026-04-16 21:25:21] [INFO] Using CPU counter: \Hyper-V Hypervisor Virtual Processor(*)\% Total Run Time
[2026-04-16 21:25:22] [WARN] RAM counters incomplete. RAM monitoring disabled.
[2026-04-16 21:25:56] [INFO] Using CPU counter: \Hyper-V Hypervisor Virtual Processor(*)\% Total Run Time
[2026-04-16 21:25:56] [WARN] RAM counters incomplete. RAM monitoring disabled.
[2026-04-16 21:26:30] [INFO] Using CPU counter: \Hyper-V Hypervisor Virtual Processor(*)\% Total Run Time
[2026-04-16 21:26:30] [WARN] RAM counters incomplete. RAM monitoring disabled.
[2026-04-16 21:27:04] [INFO] BASELINE complete. Learned peaks:
[2026-04-16 21:27:04] [INFO] Switching to MONITORING mode
[2026-04-16 21:27:04] [INFO] =============================================
[2026-04-16 21:27:05] [INFO] Using CPU counter: \Hyper-V Hypervisor Virtual Processor(*)\% Total Run Time
[2026-04-16 21:27:05] [WARN] RAM counters incomplete. RAM monitoring disabled.
[2026-04-16 21:27:39] [INFO] Using CPU counter: \Hyper-V Hypervisor Virtual Processor(*)\% Total Run Time
[2026-04-16 21:27:39] [WARN] RAM counters incomplete. RAM monitoring disabled.
[2026-04-16 21:28:14] [INFO] Using CPU counter: \Hyper-V Hypervisor Virtual Processor(*)\% Total Run Time
[2026-04-16 21:28:14] [WARN] RAM counters incomplete. RAM monitoring disabled.
[2026-04-16 21:28:48] [INFO] Using CPU counter: \Hyper-V Hypervisor Virtual Processor(*)\% Total Run Time
[2026-04-16 21:28:48] [WARN] RAM counters incomplete. RAM monitoring disabled.
[2026-04-16 21:29:22] [INFO] Using CPU counter: \Hyper-V Hypervisor Virtual Processor(*)\% Total Run Time
[2026-04-16 21:29:22] [WARN] RAM counters incomplete. RAM monitoring disabled.
[2026-04-16 21:29:57] [INFO] Using CPU counter: \Hyper-V Hypervisor Virtual Processor(*)\% Total Run Time
[2026-04-16 21:29:57] [WARN] RAM counters incomplete. RAM monitoring disabled.
[2026-04-16 21:30:31] [INFO] Using CPU counter: \Hyper-V Hypervisor Virtual Processor(*)\% Total Run Time
[2026-04-16 21:30:31] [WARN] RAM counters incomplete. RAM monitoring disabled.
[2026-04-16 21:31:06] [INFO] Using CPU counter: \Hyper-V Hypervisor Virtual Processor(*)\% Total Run Time
[2026-04-16 21:31:06] [WARN] RAM counters incomplete. RAM monitoring disabled.
[2026-04-16 21:31:40] [INFO] Using CPU counter: \Hyper-V Hypervisor Virtual Processor(*)\% Total Run Time
[2026-04-16 21:31:40] [WARN] RAM counters incomplete. RAM monitoring disabled.
[2026-04-16 21:32:15] [INFO] Using CPU counter: \Hyper-V Hypervisor Virtual Processor(*)\% Total Run Time
[2026-04-16 21:32:15] [WARN] RAM counters incomplete. RAM monitoring disabled.
[2026-04-16 21:32:49] [INFO] Using CPU counter: \Hyper-V Hypervisor Virtual Processor(*)\% Total Run Time
[2026-04-16 21:32:49] [WARN] RAM counters incomplete. RAM monitoring disabled.
[2026-04-16 21:33:23] [INFO] Using CPU counter: \Hyper-V Hypervisor Virtual Processor(*)\% Total Run Time
[2026-04-16 21:33:23] [WARN] RAM counters incomplete. RAM monitoring disabled.
[2026-04-16 21:33:58] [INFO] Using CPU counter: \Hyper-V Hypervisor Virtual Processor(*)\% Total Run Time
[2026-04-16 21:33:58] [WARN] RAM counters incomplete. RAM monitoring disabled.
[2026-04-16 21:34:32] [INFO] Using CPU counter: \Hyper-V Hypervisor Virtual Processor(*)\% Total Run Time
[2026-04-16 21:34:32] [WARN] RAM counters incomplete. RAM monitoring disabled.
[2026-04-16 21:35:07] [INFO] Using CPU counter: \Hyper-V Hypervisor Virtual Processor(*)\% Total Run Time
[2026-04-16 21:35:07] [WARN] RAM counters incomplete. RAM monitoring disabled.
[2026-04-16 21:35:41] [INFO] Using CPU counter: \Hyper-V Hypervisor Virtual Processor(*)\% Total Run Time
[2026-04-16 21:35:41] [WARN] RAM counters incomplete. RAM monitoring disabled.
[2026-04-16 21:36:16] [INFO] Using CPU counter: \Hyper-V Hypervisor Virtual Processor(*)\% Total Run Time
[2026-04-16 21:36:16] [WARN] RAM counters incomplete. RAM monitoring disabled.
[2026-04-16 21:36:50] [INFO] Using CPU counter: \Hyper-V Hypervisor Virtual Processor(*)\% Total Run Time
[2026-04-16 21:36:50] [WARN] RAM counters incomplete. RAM monitoring disabled.
[2026-04-16 21:37:24] [INFO] Using CPU counter: \Hyper-V Hypervisor Virtual Processor(*)\% Total Run Time
[2026-04-16 21:37:24] [WARN] RAM counters incomplete. RAM monitoring disabled.
[2026-04-16 21:37:59] [INFO] Using CPU counter: \Hyper-V Hypervisor Virtual Processor(*)\% Total Run Time
[2026-04-16 21:37:59] [WARN] RAM counters incomplete. RAM monitoring disabled.
[2026-04-16 21:38:33] [INFO] Using CPU counter: \Hyper-V Hypervisor Virtual Processor(*)\% Total Run Time
[2026-04-16 21:38:33] [WARN] RAM counters incomplete. RAM monitoring disabled.
[2026-04-16 21:39:08] [INFO] Using CPU counter: \Hyper-V Hypervisor Virtual Processor(*)\% Total Run Time
[2026-04-16 21:39:08] [WARN] RAM counters incomplete. RAM monitoring disabled.
[2026-04-16 21:39:42] [INFO] Using CPU counter: \Hyper-V Hypervisor Virtual Processor(*)\% Total Run Time
[2026-04-16 21:39:42] [WARN] RAM counters incomplete. RAM monitoring disabled.
[2026-04-16 21:40:16] [INFO] Using CPU counter: \Hyper-V Hypervisor Virtual Processor(*)\% Total Run Time
[2026-04-16 21:40:17] [WARN] RAM counters incomplete. RAM monitoring disabled.
[2026-04-16 21:40:51] [INFO] Using CPU counter: \Hyper-V Hypervisor Virtual Processor(*)\% Total Run Time
[2026-04-16 21:40:51] [WARN] RAM counters incomplete. RAM monitoring disabled.
[2026-04-16 21:41:25] [INFO] Using CPU counter: \Hyper-V Hypervisor Virtual Processor(*)\% Total Run Time
[2026-04-16 21:41:25] [WARN] RAM counters incomplete. RAM monitoring disabled.
[2026-04-16 21:41:59] [INFO] Using CPU counter: \Hyper-V Hypervisor Virtual Processor(*)\% Total Run Time
[2026-04-16 21:41:59] [WARN] RAM counters incomplete. RAM monitoring disabled.
[2026-04-16 21:51:03] [INFO] Using CPU counter: \Hyper-V Hypervisor Virtual Processor(*)\% Total Run Time
[2026-04-16 21:51:03] [WARN] RAM counters incomplete. RAM monitoring disabled.
[2026-04-16 21:51:37] [INFO] Using CPU counter: \Hyper-V Hypervisor Virtual Processor(*)\% Total Run Time
[2026-04-16 21:51:37] [WARN] RAM counters incomplete. RAM monitoring disabled.
[2026-04-16 21:52:12] [INFO] Using CPU counter: \Hyper-V Hypervisor Virtual Processor(*)\% Total Run Time
[2026-04-16 21:52:12] [WARN] RAM counters incomplete. RAM monitoring disabled.
[2026-04-16 21:52:46] [INFO] Using CPU counter: \Hyper-V Hypervisor Virtual Processor(*)\% Total Run Time
[2026-04-16 21:52:46] [WARN] RAM counters incomplete. RAM monitoring disabled.
[2026-04-16 21:53:07] [INFO] =============================================
[2026-04-16 21:53:07] [INFO] Hyper-V CPU/RAM Monitor starting on DESKTOP-LPV9HSD
[2026-04-16 21:53:07] [INFO] CPU Threshold: 75% of peak | RAM Threshold: 80% of peak
[2026-04-16 21:53:07] [INFO] Baseline: 10m | Interval: 30s | Cooldown: 5m
[2026-04-16 21:53:07] [INFO] =============================================
[2026-04-16 21:53:07] [INFO] BASELINE: learning CPU & RAM peaks for 10 minutes...
[2026-04-16 21:53:16] [INFO] Using CPU counter: \Hyper-V Hypervisor Virtual Processor(*)\% Total Run Time
[2026-04-16 21:53:16] [INFO] Using RAM pressure counter: \Hyper-V Dynamic Memory VM(*)\Maximum Pressure (direct percentage)
[2026-04-16 21:53:51] [INFO] Using CPU counter: \Hyper-V Hypervisor Virtual Processor(*)\% Total Run Time
[2026-04-16 21:53:51] [INFO] Using RAM pressure counter: \Hyper-V Dynamic Memory VM(*)\Maximum Pressure (direct percentage)
[2026-04-16 21:54:25] [INFO] Using CPU counter: \Hyper-V Hypervisor Virtual Processor(*)\% Total Run Time
[2026-04-16 21:54:25] [INFO] Using RAM pressure counter: \Hyper-V Dynamic Memory VM(*)\Maximum Pressure (direct percentage)
[2026-04-16 21:54:59] [INFO] Using CPU counter: \Hyper-V Hypervisor Virtual Processor(*)\% Total Run Time
[2026-04-16 21:54:59] [INFO] Using RAM pressure counter: \Hyper-V Dynamic Memory VM(*)\Maximum Pressure (direct percentage)
[2026-04-16 21:55:34] [INFO] Using CPU counter: \Hyper-V Hypervisor Virtual Processor(*)\% Total Run Time
[2026-04-16 21:55:34] [INFO] Using RAM pressure counter: \Hyper-V Dynamic Memory VM(*)\Maximum Pressure (direct percentage)
[2026-04-16 21:56:08] [INFO] Using CPU counter: \Hyper-V Hypervisor Virtual Processor(*)\% Total Run Time
[2026-04-16 21:56:08] [INFO] Using RAM pressure counter: \Hyper-V Dynamic Memory VM(*)\Maximum Pressure (direct percentage)
[2026-04-16 21:56:42] [INFO] Using CPU counter: \Hyper-V Hypervisor Virtual Processor(*)\% Total Run Time
[2026-04-16 21:56:42] [INFO] Using RAM pressure counter: \Hyper-V Dynamic Memory VM(*)\Maximum Pressure (direct percentage)
[2026-04-16 21:57:17] [INFO] Using CPU counter: \Hyper-V Hypervisor Virtual Processor(*)\% Total Run Time
[2026-04-16 21:57:17] [INFO] Using RAM pressure counter: \Hyper-V Dynamic Memory VM(*)\Maximum Pressure (direct percentage)
[2026-04-16 21:57:51] [INFO] Using CPU counter: \Hyper-V Hypervisor Virtual Processor(*)\% Total Run Time
[2026-04-16 21:57:51] [INFO] Using RAM pressure counter: \Hyper-V Dynamic Memory VM(*)\Maximum Pressure (direct percentage)
[2026-04-16 21:58:25] [INFO] Using CPU counter: \Hyper-V Hypervisor Virtual Processor(*)\% Total Run Time
[2026-04-16 21:58:25] [INFO] Using RAM pressure counter: \Hyper-V Dynamic Memory VM(*)\Maximum Pressure (direct percentage)
[2026-04-16 21:59:00] [INFO] Using CPU counter: \Hyper-V Hypervisor Virtual Processor(*)\% Total Run Time
[2026-04-16 21:59:00] [INFO] Using RAM pressure counter: \Hyper-V Dynamic Memory VM(*)\Maximum Pressure (direct percentage)
[2026-04-16 21:59:34] [INFO] Using CPU counter: \Hyper-V Hypervisor Virtual Processor(*)\% Total Run Time
[2026-04-16 21:59:34] [INFO] Using RAM pressure counter: \Hyper-V Dynamic Memory VM(*)\Maximum Pressure (direct percentage)
[2026-04-16 22:00:08] [INFO] Using CPU counter: \Hyper-V Hypervisor Virtual Processor(*)\% Total Run Time
[2026-04-16 22:00:08] [INFO] Using RAM pressure counter: \Hyper-V Dynamic Memory VM(*)\Maximum Pressure (direct percentage)
[2026-04-16 22:00:43] [INFO] Using CPU counter: \Hyper-V Hypervisor Virtual Processor(*)\% Total Run Time
[2026-04-16 22:00:43] [INFO] Using RAM pressure counter: \Hyper-V Dynamic Memory VM(*)\Maximum Pressure (direct percentage)
[2026-04-16 22:01:17] [INFO] Using CPU counter: \Hyper-V Hypervisor Virtual Processor(*)\% Total Run Time
[2026-04-16 22:01:17] [INFO] Using RAM pressure counter: \Hyper-V Dynamic Memory VM(*)\Maximum Pressure (direct percentage)
[2026-04-16 22:01:51] [INFO] Using CPU counter: \Hyper-V Hypervisor Virtual Processor(*)\% Total Run Time
[2026-04-16 22:01:51] [INFO] Using RAM pressure counter: \Hyper-V Dynamic Memory VM(*)\Maximum Pressure (direct percentage)
[2026-04-16 22:02:26] [INFO] Using CPU counter: \Hyper-V Hypervisor Virtual Processor(*)\% Total Run Time
[2026-04-16 22:02:26] [INFO] Using RAM pressure counter: \Hyper-V Dynamic Memory VM(*)\Maximum Pressure (direct percentage)
[2026-04-16 22:03:00] [INFO] Using CPU counter: \Hyper-V Hypervisor Virtual Processor(*)\% Total Run Time
[2026-04-16 22:03:00] [INFO] Using RAM pressure counter: \Hyper-V Dynamic Memory VM(*)\Maximum Pressure (direct percentage)
[2026-04-16 22:03:34] [INFO] BASELINE complete. Learned peaks:
[2026-04-16 22:03:34] [INFO] Switching to MONITORING mode
[2026-04-16 22:03:34] [INFO] =============================================
[2026-04-16 22:03:34] [INFO] Using CPU counter: \Hyper-V Hypervisor Virtual Processor(*)\% Total Run Time
[2026-04-16 22:03:34] [INFO] Using RAM pressure counter: \Hyper-V Dynamic Memory VM(*)\Maximum Pressure (direct percentage)
[2026-04-16 22:04:09] [INFO] Using CPU counter: \Hyper-V Hypervisor Virtual Processor(*)\% Total Run Time
[2026-04-16 22:04:09] [INFO] Using RAM pressure counter: \Hyper-V Dynamic Memory VM(*)\Maximum Pressure (direct percentage)
[2026-04-16 22:04:43] [INFO] Using CPU counter: \Hyper-V Hypervisor Virtual Processor(*)\% Total Run Time
[2026-04-16 22:04:43] [INFO] Using RAM pressure counter: \Hyper-V Dynamic Memory VM(*)\Maximum Pressure (direct percentage)
[2026-04-16 22:05:17] [INFO] Using CPU counter: \Hyper-V Hypervisor Virtual Processor(*)\% Total Run Time
[2026-04-16 22:05:17] [INFO] Using RAM pressure counter: \Hyper-V Dynamic Memory VM(*)\Maximum Pressure (direct percentage)
[2026-04-16 22:05:51] [INFO] Using CPU counter: \Hyper-V Hypervisor Virtual Processor(*)\% Total Run Time
[2026-04-16 22:05:51] [INFO] Using RAM pressure counter: \Hyper-V Dynamic Memory VM(*)\Maximum Pressure (direct percentage)
[2026-04-16 22:06:26] [INFO] Using CPU counter: \Hyper-V Hypervisor Virtual Processor(*)\% Total Run Time
[2026-04-16 22:06:26] [INFO] Using RAM pressure counter: \Hyper-V Dynamic Memory VM(*)\Maximum Pressure (direct percentage)
[2026-04-16 22:07:00] [INFO] Using CPU counter: \Hyper-V Hypervisor Virtual Processor(*)\% Total Run Time
[2026-04-16 22:07:00] [INFO] Using RAM pressure counter: \Hyper-V Dynamic Memory VM(*)\Maximum Pressure (direct percentage)
[2026-04-16 22:07:34] [INFO] Using CPU counter: \Hyper-V Hypervisor Virtual Processor(*)\% Total Run Time
[2026-04-16 22:07:34] [INFO] Using RAM pressure counter: \Hyper-V Dynamic Memory VM(*)\Maximum Pressure (direct percentage)
[2026-04-16 22:08:09] [INFO] Using CPU counter: \Hyper-V Hypervisor Virtual Processor(*)\% Total Run Time
[2026-04-16 22:08:09] [INFO] Using RAM pressure counter: \Hyper-V Dynamic Memory VM(*)\Maximum Pressure (direct percentage)
[2026-04-16 22:08:43] [INFO] Using CPU counter: \Hyper-V Hypervisor Virtual Processor(*)\% Total Run Time
[2026-04-16 22:08:43] [INFO] Using RAM pressure counter: \Hyper-V Dynamic Memory VM(*)\Maximum Pressure (direct percentage)
[2026-04-16 22:09:17] [INFO] Using CPU counter: \Hyper-V Hypervisor Virtual Processor(*)\% Total Run Time
[2026-04-16 22:09:17] [INFO] Using RAM pressure counter: \Hyper-V Dynamic Memory VM(*)\Maximum Pressure (direct percentage)
[2026-04-16 22:09:52] [INFO] Using CPU counter: \Hyper-V Hypervisor Virtual Processor(*)\% Total Run Time
[2026-04-16 22:09:52] [INFO] Using RAM pressure counter: \Hyper-V Dynamic Memory VM(*)\Maximum Pressure (direct percentage)
[2026-04-16 22:10:26] [INFO] Using CPU counter: \Hyper-V Hypervisor Virtual Processor(*)\% Total Run Time
[2026-04-16 22:10:26] [INFO] Using RAM pressure counter: \Hyper-V Dynamic Memory VM(*)\Maximum Pressure (direct percentage)
[2026-04-16 22:11:00] [INFO] Using CPU counter: \Hyper-V Hypervisor Virtual Processor(*)\% Total Run Time
[2026-04-16 22:11:00] [INFO] Using RAM pressure counter: \Hyper-V Dynamic Memory VM(*)\Maximum Pressure (direct percentage)
[2026-04-16 22:11:34] [INFO] Using CPU counter: \Hyper-V Hypervisor Virtual Processor(*)\% Total Run Time
[2026-04-16 22:11:35] [INFO] Using RAM pressure counter: \Hyper-V Dynamic Memory VM(*)\Maximum Pressure (direct percentage)
[2026-04-16 22:12:09] [INFO] Using CPU counter: \Hyper-V Hypervisor Virtual Processor(*)\% Total Run Time
[2026-04-16 22:12:09] [INFO] Using RAM pressure counter: \Hyper-V Dynamic Memory VM(*)\Maximum Pressure (direct percentage)
[2026-04-16 22:12:43] [INFO] Using CPU counter: \Hyper-V Hypervisor Virtual Processor(*)\% Total Run Time
[2026-04-16 22:12:43] [INFO] Using RAM pressure counter: \Hyper-V Dynamic Memory VM(*)\Maximum Pressure (direct percentage)
[2026-04-16 22:13:17] [INFO] Using CPU counter: \Hyper-V Hypervisor Virtual Processor(*)\% Total Run Time
[2026-04-16 22:13:17] [INFO] Using RAM pressure counter: \Hyper-V Dynamic Memory VM(*)\Maximum Pressure (direct percentage)
[2026-04-16 22:13:52] [INFO] Using CPU counter: \Hyper-V Hypervisor Virtual Processor(*)\% Total Run Time
[2026-04-16 22:13:52] [INFO] Using RAM pressure counter: \Hyper-V Dynamic Memory VM(*)\Maximum Pressure (direct percentage)
[2026-04-16 22:14:26] [INFO] Using CPU counter: \Hyper-V Hypervisor Virtual Processor(*)\% Total Run Time
[2026-04-16 22:14:26] [INFO] Using RAM pressure counter: \Hyper-V Dynamic Memory VM(*)\Maximum Pressure (direct percentage)
[2026-04-16 22:15:00] [INFO] Using CPU counter: \Hyper-V Hypervisor Virtual Processor(*)\% Total Run Time
[2026-04-16 22:15:00] [INFO] Using RAM pressure counter: \Hyper-V Dynamic Memory VM(*)\Maximum Pressure (direct percentage)
[2026-04-16 22:15:35] [INFO] Using CPU counter: \Hyper-V Hypervisor Virtual Processor(*)\% Total Run Time
[2026-04-16 22:15:35] [INFO] Using RAM pressure counter: \Hyper-V Dynamic Memory VM(*)\Maximum Pressure (direct percentage)
[2026-04-16 22:16:09] [INFO] Using CPU counter: \Hyper-V Hypervisor Virtual Processor(*)\% Total Run Time
[2026-04-16 22:16:09] [INFO] Using RAM pressure counter: \Hyper-V Dynamic Memory VM(*)\Maximum Pressure (direct percentage)
[2026-04-16 22:16:43] [INFO] Using CPU counter: \Hyper-V Hypervisor Virtual Processor(*)\% Total Run Time
[2026-04-16 22:16:43] [INFO] Using RAM pressure counter: \Hyper-V Dynamic Memory VM(*)\Maximum Pressure (direct percentage)
[2026-04-16 22:17:17] [INFO] Using CPU counter: \Hyper-V Hypervisor Virtual Processor(*)\% Total Run Time
[2026-04-16 22:17:17] [INFO] Using RAM pressure counter: \Hyper-V Dynamic Memory VM(*)\Maximum Pressure (direct percentage)
[2026-04-16 22:17:52] [INFO] Using CPU counter: \Hyper-V Hypervisor Virtual Processor(*)\% Total Run Time
[2026-04-16 22:17:52] [INFO] Using RAM pressure counter: \Hyper-V Dynamic Memory VM(*)\Maximum Pressure (direct percentage)
[2026-04-16 22:18:26] [INFO] Using CPU counter: \Hyper-V Hypervisor Virtual Processor(*)\% Total Run Time
[2026-04-16 22:18:26] [INFO] Using RAM pressure counter: \Hyper-V Dynamic Memory VM(*)\Maximum Pressure (direct percentage)
[2026-04-16 22:19:00] [INFO] Using CPU counter: \Hyper-V Hypervisor Virtual Processor(*)\% Total Run Time
[2026-04-16 22:19:00] [INFO] Using RAM pressure counter: \Hyper-V Dynamic Memory VM(*)\Maximum Pressure (direct percentage)
[2026-04-16 22:19:35] [INFO] Using CPU counter: \Hyper-V Hypervisor Virtual Processor(*)\% Total Run Time
[2026-04-16 22:19:35] [INFO] Using RAM pressure counter: \Hyper-V Dynamic Memory VM(*)\Maximum Pressure (direct percentage)
[2026-04-16 22:20:09] [INFO] Using CPU counter: \Hyper-V Hypervisor Virtual Processor(*)\% Total Run Time
[2026-04-16 22:20:09] [INFO] Using RAM pressure counter: \Hyper-V Dynamic Memory VM(*)\Maximum Pressure (direct percentage)
[2026-04-16 22:20:43] [INFO] Using CPU counter: \Hyper-V Hypervisor Virtual Processor(*)\% Total Run Time
[2026-04-16 22:20:43] [INFO] Using RAM pressure counter: \Hyper-V Dynamic Memory VM(*)\Maximum Pressure (direct percentage)
[2026-04-16 22:21:18] [INFO] Using CPU counter: \Hyper-V Hypervisor Virtual Processor(*)\% Total Run Time
[2026-04-16 22:21:18] [INFO] Using RAM pressure counter: \Hyper-V Dynamic Memory VM(*)\Maximum Pressure (direct percentage)
[2026-04-16 22:21:52] [INFO] Using CPU counter: \Hyper-V Hypervisor Virtual Processor(*)\% Total Run Time
[2026-04-16 22:21:52] [INFO] Using RAM pressure counter: \Hyper-V Dynamic Memory VM(*)\Maximum Pressure (direct percentage)
